// Jest Snapshot v1, https://goo.gl/fbAQLP

exports[`My Login application 3 > My Login application 3 - 2 > My Login application 5 - 6 > should login with valid credentials 5-6 1`] = `
Object {
  "a": "a",
}
`;

exports[`My Login application 3 > My Login application 3 - 2 > My Login application 5 - 6 > should login with valid credentials 5-6 2`] = `
"<div data-alert=\\"\\" id=\\"flash\\" class=\\"flash success\\">
            You logged into a secure area!
            <a href=\\"#\\" class=\\"close\\">Ã—</a>
          </div>"
`;

exports[`My Login application 3 > My Login application 3 - 2 > should login with valid credentials 3-2 1`] = `
Object {
  "a": "a",
}
`;

exports[`My Login application 3 > should login with valid credentials 3 1`] = `
Object {
  "a": "a",
}
`;
